// Jest Snapshot v1, https://goo.gl/fbAQLP

exports[`should render placeholder 1`] = `
<div
  className="empty-placeholder w-full h-24 p-3 flex flex-col justify-center items-center"
>
  <span
    className="text-md text-gray-500"
  >
    Здесь пока ничего нет
  </span>
  <span
    className="text-sm text-gray-500"
  >
    Добавьте первую точку
  </span>
</div>
`;
