// Jest Snapshot v1, https://goo.gl/fbAQLP

exports[`should render placeholder when route is empty 1`] = `
<div>
  Placeholder
</div>
`;

exports[`should render points when route isn't empty 1`] = `
<ul
  className="py-2"
  data-rbd-droppable-context-id="0"
  data-rbd-droppable-id="draggable-list"
>
  <li
    aria-describedby="rbd-hidden-text-0-hidden-text-0"
    data-rbd-drag-handle-context-id="0"
    data-rbd-drag-handle-draggable-id="1"
    data-rbd-draggable-context-id="0"
    data-rbd-draggable-id="1"
    draggable={false}
    onDragStart={[Function]}
    onTransitionEnd={null}
    role="button"
    style={
      Object {
        "transform": null,
        "transition": null,
      }
    }
    tabIndex={-1}
  >
    <div
      onDelete={[Function]}
      point={
        Object {
          "description": "Some description",
          "id": "1",
          "name": "Balalayka",
          "point": Object {
            "lat": 0,
            "lon": 0,
          },
        }
      }
    />
  </li>
  <li
    aria-describedby="rbd-hidden-text-0-hidden-text-0"
    data-rbd-drag-handle-context-id="0"
    data-rbd-drag-handle-draggable-id="2"
    data-rbd-draggable-context-id="0"
    data-rbd-draggable-id="2"
    draggable={false}
    onDragStart={[Function]}
    onTransitionEnd={null}
    role="button"
    style={
      Object {
        "transform": null,
        "transition": null,
      }
    }
    tabIndex={-1}
  >
    <div
      onDelete={[Function]}
      point={
        Object {
          "description": "Some description",
          "id": "2",
          "name": "Vodka",
          "point": Object {
            "lat": 1,
            "lon": 1,
          },
        }
      }
    />
  </li>
</ul>
`;
