// Jest Snapshot v1, https://goo.gl/fbAQLP

exports[`should render empty container when route is empty 1`] = `
<ul
  className="py-2"
/>
`;

exports[`should render placeholder when route is empty 1`] = `
<ul
  className="py-2"
>
  <div
    className="w-full h-24 p-3 flex justify-center items-center text-sm text-gray-500"
  >
    Маршрут пока пустой
  </div>
</ul>
`;

exports[`should render points when route isn't empty 1`] = `
<ul
  className="py-2"
>
  <li
    onDelete={[Function]}
    point={
      Object {
        "description": "Some description",
        "name": "Balalayka",
        "point": Object {
          "lat": 0,
          "lon": 0,
        },
      }
    }
  />
  <li
    onDelete={[Function]}
    point={
      Object {
        "description": "Some description",
        "name": "Vodka",
        "point": Object {
          "lat": 0,
          "lon": 0,
        },
      }
    }
  />
</ul>
`;
